// Jest Snapshot v1, https://goo.gl/fbAQLP

exports[`CRUDTable component should match snapshot 1`] = `
<div>
  <BootstrapTable
    autoCollapse={
      Object {
        "filter": false,
        "search": false,
        "sort": false,
      }
    }
    bodyContainerClass={null}
    bordered={true}
    cellEdit={
      Object {
        "afterSaveCell": undefined,
        "beforeSaveCell": undefined,
        "blurToEscape": false,
        "blurToSave": false,
        "mode": "none",
        "nonEditableRows": undefined,
      }
    }
    columnFilter={false}
    condensed={false}
    containerClass={null}
    csvFileName="spreadsheet.csv"
    data={Array []}
    deleteRow={false}
    expandColumnOptions={
      Object {
        "expandColumnBeforeSelectColumn": true,
        "expandColumnComponent": undefined,
        "expandColumnVisible": false,
        "expandedColumnHeaderComponent": undefined,
      }
    }
    exportCSV={false}
    fetchInfo={
      Object {
        "dataTotalSize": 0,
      }
    }
    footer={false}
    headerContainerClass={null}
    height="100%"
    hover={false}
    ignoreSinglePage={false}
    insertRow={false}
    keyBoardNav={false}
    multiColumnSearch={false}
    multiColumnSort={1}
    options={
      Object {
        "btnGroup": [Function],
        "noDataText": "Geen resultaten gevonden",
        "renderSortedColumn": [Function],
        "searchField": [Function],
        "sortColumnName": undefined,
        "sortOrder": undefined,
      }
    }
    pagination={false}
    printable={false}
    renderAlert={true}
    replace={false}
    search={true}
    selectRow={
      Object {
        "mode": "radio",
        "onSelect": undefined,
      }
    }
    striped={false}
    tableBodyClass={null}
    tableContainerClass={null}
    tableFooterClass={null}
    tableHeaderClass={null}
    trClassName=""
    version="3"
    withoutTabIndex={false}
  >
    <TableHeaderColumn
      className=""
      columnClassName=""
      columnTitle={false}
      csvFieldType="string"
      dataAlign="left"
      dataField="id"
      dataSort={false}
      defaultASC={false}
      editColumnClassName=""
      editable={true}
      expandable={true}
      filterFormatted={false}
      headerTitle={true}
      hidden={true}
      hiddenOnInsert={false}
      invalidEditColumnClassName=""
      isKey={true}
      keyValidator={false}
      searchable={true}
      sortIndicator={true}
      width={null}
    >
      ID
    </TableHeaderColumn>
    <TableHeaderColumn
      className=""
      columnClassName=""
      columnTitle={false}
      csvFieldType="string"
      dataAlign="left"
      dataField="name"
      dataSort={true}
      defaultASC={false}
      editColumnClassName=""
      editable={true}
      expandable={true}
      filterFormatted={false}
      headerTitle={true}
      hidden={false}
      hiddenOnInsert={false}
      invalidEditColumnClassName=""
      isKey={false}
      keyValidator={false}
      searchable={true}
      sortIndicator={true}
      width="200"
    >
      Naam
      <br />
      chauffeur ↕
    </TableHeaderColumn>
    <TableHeaderColumn
      className=""
      columnClassName=""
      columnTitle={false}
      csvFieldType="string"
      dataAlign="left"
      dataField="totalRides"
      dataSort={true}
      defaultASC={false}
      editColumnClassName=""
      editable={true}
      expandable={true}
      filterFormatted={false}
      headerTitle={true}
      hidden={false}
      hiddenOnInsert={false}
      invalidEditColumnClassName=""
      isKey={false}
      keyValidator={false}
      searchable={true}
      sortIndicator={true}
      width="100"
    >
      Aantal
      <br />
      ritten ↕
    </TableHeaderColumn>
    <TableHeaderColumn
      className=""
      columnClassName=""
      columnTitle={false}
      csvFieldType="string"
      dataAlign="left"
      dataField="typeOfPayment"
      dataSort={true}
      defaultASC={false}
      editColumnClassName=""
      editable={true}
      expandable={true}
      filterFormatted={false}
      headerTitle={true}
      hidden={false}
      hiddenOnInsert={false}
      invalidEditColumnClassName=""
      isKey={false}
      keyValidator={false}
      searchable={true}
      sortIndicator={true}
      width="130"
    >
      Soort
      <br />
      vergoeding ↕
    </TableHeaderColumn>
    <TableHeaderColumn
      className=""
      columnClassName=""
      columnTitle={false}
      csvFieldType="string"
      dataAlign="left"
      dataField="totalEarned"
      dataSort={true}
      defaultASC={false}
      editColumnClassName=""
      editable={true}
      expandable={true}
      filterFormatted={false}
      headerTitle={true}
      hidden={false}
      hiddenOnInsert={false}
      invalidEditColumnClassName=""
      isKey={false}
      keyValidator={false}
      searchable={true}
      sortIndicator={true}
      width="130"
    >
      Totaal
      <br />
      verdiend ↕
    </TableHeaderColumn>
    <TableHeaderColumn
      className=""
      columnClassName=""
      columnTitle={false}
      csvFieldType="string"
      dataAlign="left"
      dataField="numberPlate"
      dataSort={true}
      defaultASC={false}
      editColumnClassName=""
      editable={true}
      expandable={true}
      filterFormatted={false}
      headerTitle={true}
      hidden={false}
      hiddenOnInsert={false}
      invalidEditColumnClassName=""
      isKey={false}
      keyValidator={false}
      searchable={true}
      sortIndicator={true}
      width="130"
    >
      Kenteken ↕
    </TableHeaderColumn>
    <TableHeaderColumn
      className=""
      columnClassName=""
      columnTitle={false}
      csvFieldType="string"
      dataAlign="left"
      dataField="numberOfPassengers"
      dataSort={true}
      defaultASC={false}
      editColumnClassName=""
      editable={true}
      expandable={true}
      filterFormatted={false}
      headerTitle={true}
      hidden={false}
      hiddenOnInsert={false}
      invalidEditColumnClassName=""
      isKey={false}
      keyValidator={false}
      searchable={true}
      sortIndicator={true}
      width="120"
    >
      Aantal
      <br />
      personen ↕
    </TableHeaderColumn>
    <TableHeaderColumn
      className=""
      columnClassName=""
      columnTitle={false}
      csvFieldType="string"
      dataAlign="left"
      dataField="segment"
      dataSort={true}
      defaultASC={false}
      editColumnClassName=""
      editable={true}
      expandable={true}
      filterFormatted={false}
      headerTitle={true}
      hidden={false}
      hiddenOnInsert={false}
      invalidEditColumnClassName=""
      isKey={false}
      keyValidator={false}
      searchable={true}
      sortIndicator={true}
      width="130"
    >
      Segment
      <br />
      auto ↕
    </TableHeaderColumn>
    <TableHeaderColumn
      className=""
      columnClassName=""
      columnTitle={false}
      csvFieldType="string"
      dataAlign="left"
      dataField="rating"
      dataSort={true}
      defaultASC={false}
      editColumnClassName=""
      editable={true}
      expandable={true}
      filterFormatted={false}
      headerTitle={true}
      hidden={false}
      hiddenOnInsert={false}
      invalidEditColumnClassName=""
      isKey={false}
      keyValidator={false}
      searchable={true}
      sortIndicator={true}
      width="130"
    >
      Beoordeling ↕
    </TableHeaderColumn>
  </BootstrapTable>
  <CSVLink
    className="btn btn-primary crud-btn"
    data={Array []}
    filename="chauffeurs_overview"
    separator=","
    target=""
    uFEFF={true}
  >
    Export als CSV
  </CSVLink>
</div>
`;
