// Jest Snapshot v1, https://goo.gl/fbAQLP

exports[`<Header /> should match snapshot 1`] = `
<div>
  <Row
    className="top-navigation"
    tag="div"
  >
    <Col
      tag="div"
      widths={
        Array [
          "xs",
          "sm",
          "md",
          "lg",
          "xl",
        ]
      }
      xs="6"
    >
      <figure>
        <Link
          replace={false}
          to="/read/zorginstelling"
        >
          <img
            alt="logo Zorgrit"
            src="logo.gif"
          />
        </Link>
      </figure>
    </Col>
    <Col
      tag="div"
      widths={
        Array [
          "xs",
          "sm",
          "md",
          "lg",
          "xl",
        ]
      }
      xs="6"
    >
      <span
        className="float-right logout-btn"
      >
        <Link
          replace={false}
          to="#"
        >
          Uitloggen
        </Link>
      </span>
    </Col>
  </Row>
  <Nav
    className="nav-pills nav-justified"
    tag="ul"
    vertical={false}
  >
    <NavItem
      tag="li"
    >
      <Link
        className="nav-link"
        replace={false}
        to="/read/zorginstelling"
      >
        Zorginstellingen
      </Link>
    </NavItem>
    <NavItem
      tag="li"
    >
      <Link
        className="nav-link"
        replace={false}
        to="#"
      >
        Ritten
      </Link>
    </NavItem>
    <NavItem
      tag="li"
    >
      <Link
        className="nav-link"
        replace={false}
      >
        Chauffeurs
      </Link>
    </NavItem>
    <NavItem
      tag="li"
    >
      <Link
        className="nav-link"
        replace={false}
      >
        Clienten
      </Link>
    </NavItem>
    <NavItem
      tag="li"
    >
      <Link
        className="nav-link"
        replace={false}
        to="#"
      >
        Betalingen
      </Link>
    </NavItem>
    <NavItem
      tag="li"
    >
      <Link
        className="nav-link"
        replace={false}
        to="#"
      >
        Ritten bestellen
      </Link>
    </NavItem>
    <NavItem
      tag="li"
    >
      <Link
        className="nav-link"
        replace={false}
        to="{props.routes.About}"
      >
        Over
      </Link>
    </NavItem>
  </Nav>
</div>
`;
