// Jest Snapshot v1, https://goo.gl/fbAQLP

exports[`TablePage component should match snapshot 1`] = `
<Container
  tag="div"
>
  <Row
    tag="div"
  >
    <Col
      tag="div"
      widths={
        Array [
          "xs",
          "sm",
          "md",
          "lg",
          "xl",
        ]
      }
    >
      <Header />
      <TextContent
        title="Betalingen"
      >
        Cookie tiramisu bonbon dragée danish icing danish I love. Lemon drops halvah tiramisu tootsie roll cheesecake. Candy canes candy canes jelly beans I love. Tootsie roll I love cheesecake gingerbread dragée cupcake dragée marzipan cupcake.
      </TextContent>
      [tabel komt hier]
      <Footer />
    </Col>
  </Row>
</Container>
`;
