// Jest Snapshot v1, https://goo.gl/fbAQLP

exports[`<TextContent /> should match snapshot 1`] = `
<Col
  className="textblock"
  md={
    Object {
      "offset": 3,
      "size": 6,
    }
  }
  sm="12"
  tag="div"
  widths={
    Array [
      "xs",
      "sm",
      "md",
      "lg",
      "xl",
    ]
  }
>
  <h2 />
  <p />
  <hr />
</Col>
`;
